=== CRASH gen 1914 2026-07-22 08:11:26 ===
Traceback (most recent call last):
  File "/home/duyw/physcausal/run_evo.py", line 127, in <module>
    colony.breathe(steps=10)
  File "/home/duyw/physcausal/meta_cognition/evo_colony.py", line 861, in breathe
    print(f"     [breathe] {ci}/{total_cells} cells, gen {self.generation}", flush=True)
BrokenPipeError: [Errno 32] Broken pipe

=== CRASH gen 2023 2026-07-22 11:28:06 ===
Traceback (most recent call last):
  File "/home/duyw/physcausal/run_evo.py", line 127, in <module>
    colony.breathe(steps=10)
  File "/home/duyw/physcausal/meta_cognition/evo_colony.py", line 875, in breathe
    print(f"     [breathe] {ci}/{total_cells} cells, gen {self.generation}", flush=True)
BrokenPipeError: [Errno 32] Broken pipe

=== CRASH gen 2021 2026-07-22 11:37:13 ===
Traceback (most recent call last):
  File "/home/duyw/physcausal/run_evo.py", line 127, in <module>
    colony.breathe(steps=10)
  File "/home/duyw/physcausal/meta_cognition/evo_colony.py", line 875, in breathe
    print(f"     [breathe] {ci}/{total_cells} cells, gen {self.generation}", flush=True)
BrokenPipeError: [Errno 32] Broken pipe

=== CRASH gen 2119 2026-07-22 14:07:44 ===
Traceback (most recent call last):
  File "/home/duyw/physcausal/run_evo.py", line 127, in <module>
    colony.breathe(steps=10)
  File "/home/duyw/physcausal/meta_cognition/evo_colony.py", line 875, in breathe
    print(f"     [breathe] {ci}/{total_cells} cells, gen {self.generation}", flush=True)
BrokenPipeError: [Errno 32] Broken pipe

=== CRASH gen 2218 2026-07-22 17:11:40 ===
Traceback (most recent call last):
  File "/home/duyw/physcausal/run_evo.py", line 127, in <module>
    colony.breathe(steps=10)
  File "/home/duyw/physcausal/meta_cognition/evo_colony.py", line 875, in breathe
    print(f"     [breathe] {ci}/{total_cells} cells, gen {self.generation}", flush=True)
BrokenPipeError: [Errno 32] Broken pipe

=== CRASH gen 2218 2026-07-22 17:34:35 ===
Traceback (most recent call last):
  File "/home/duyw/physcausal/run_evo.py", line 127, in <module>
    colony.breathe(steps=10)
  File "/home/duyw/physcausal/meta_cognition/evo_colony.py", line 875, in breathe
    print(f"     [breathe] {ci}/{total_cells} cells, gen {self.generation}", flush=True)
BrokenPipeError: [Errno 32] Broken pipe

=== CRASH gen 2871 2026-07-23 18:52:23 ===
Traceback (most recent call last):
  File "/home/duyw/physcausal/run_evo.py", line 127, in <module>
    colony.breathe(steps=10)
    ~~~~~~~~~~~~~~^^^^^^^^^^
  File "/home/duyw/physcausal/meta_cognition/evo_colony.py", line 898, in breathe
    children = self._step_neurons(stats)
  File "/home/duyw/physcausal/meta_cognition/evo_colony.py", line 771, in _step_neurons
    result = cell.act()
  File "/home/duyw/physcausal/meta_cognition/evolvable_cell.py", line 183, in act
    result = self._step_forward()
  File "/home/duyw/physcausal/meta_cognition/evolvable_cell.py", line 475, in _step_forward
    self.current_walk.append((old, law, dst))
    ^^^^^^^^^^^^^^^^^
AttributeError: 'EvolvableCell' object has no attribute 'current_walk'

=== CRASH gen 4084 2026-07-26 18:35:17 ===
Traceback (most recent call last):
  File "/home/duyw/physcausal/run_evo.py", line 127, in <module>
    colony.breathe(steps=10)
    ~~~~~~~~~~~~~~^^^^^^^^^^
  File "/home/duyw/physcausal/meta_cognition/evo_colony.py", line 943, in breathe
    print(f"     [breathe] {ci}/{total_cells} cells, gen {self.generation}", flush=True)
    ~~~~~^^^^^^^^^^^^^^^^^^^^^^^^^^^^^^^^^^^^^^^^^^^^^^^^^^^^^^^^^^^^^^^^^^^^^^^^^^^^^^^
BrokenPipeError: [Errno 32] Broken pipe

=== CRASH gen 289 2026-07-28 21:49:05 ===
Traceback (most recent call last):
  File "/home/duyw/physcausal/run_evo.py", line 127, in <module>
    colony.breathe(steps=10)
    ~~~~~~~~~~~~~~^^^^^^^^^^
  File "/home/duyw/physcausal/meta_cognition/evo_colony.py", line 1516, in breathe
    if cell.last_action == "rest" and isinstance(cell._last_result, dict):
                                                 ^^^^^^^^^^^^^^^^^
AttributeError: 'EvolvableCell' object has no attribute '_last_result'

=== CRASH gen 481 2026-07-29 11:15:14 ===
Traceback (most recent call last):
  File "/home/duyw/physcausal/run_evo.py", line 127, in <module>
    colony.breathe(steps=10)
    ~~~~~~~~~~~~~~^^^^^^^^^^
  File "/home/duyw/physcausal/meta_cognition/evo_colony.py", line 1449, in breathe
    if cell.last_action == "intervene" and isinstance(cell._last_result, dict):
                                                      ^^^^^^^^^^^^^^^^^
AttributeError: 'EvolvableCell' object has no attribute '_last_result'

=== CRASH gen 20262 2026-08-12 20:39:55 ===
Traceback (most recent call last):
  File "/home/duyw/physcausal/run_evo.py", line 130, in <module>
    colony.breathe(steps=10)
    ~~~~~~~~~~~~~~^^^^^^^^^^
  File "/home/duyw/physcausal/meta_cognition/evo_colony.py", line 1783, in breathe
    self._cognitive_scheduler()
    ~~~~~~~~~~~~~~~~~~~~~~~~~^^
  File "/home/duyw/physcausal/meta_cognition/evo_colony.py", line 2283, in _cognitive_scheduler
    if self._contradiction_nodes and not feed_cooldown:
                                         ^^^^^^^^^^^^^
NameError: name 'feed_cooldown' is not defined

=== CRASH gen 20262 2026-08-12 20:46:00 ===
Traceback (most recent call last):
  File "/home/duyw/physcausal/run_evo.py", line 130, in <module>
    colony.breathe(steps=10)
    ~~~~~~~~~~~~~~^^^^^^^^^^
  File "/home/duyw/physcausal/meta_cognition/evo_colony.py", line 1783, in breathe
    self._cognitive_scheduler()
    ~~~~~~~~~~~~~~~~~~~~~~~~~^^
  File "/home/duyw/physcausal/meta_cognition/evo_colony.py", line 2283, in _cognitive_scheduler
    if self._contradiction_nodes and not feed_cooldown:
                                         ^^^^^^^^^^^^^
NameError: name 'feed_cooldown' is not defined

=== CRASH gen 31901 2026-08-19 13:48:58 ===
Traceback (most recent call last):
  File "/home/duyw/physcausal/run_evo.py", line 130, in <module>
    colony.breathe(steps=10)
    ~~~~~~~~~~~~~~^^^^^^^^^^
  File "/home/duyw/physcausal/meta_cognition/evo_colony.py", line 1107, in breathe
    children = self._step_neurons(stats)
  File "/home/duyw/physcausal/meta_cognition/evo_colony.py", line 885, in _step_neurons
    result = cell.act()
  File "/home/duyw/physcausal/meta_cognition/evolvable_cell.py", line 213, in act
    result = self._step_forward()
  File "/home/duyw/physcausal/meta_cognition/evolvable_cell.py", line 599, in _step_forward
    settle = self._learn_and_curate(old, dst, dom)
  File "/home/duyw/physcausal/meta_cognition/evolvable_cell.py", line 369, in _learn_and_curate
    new_predicted = self.prediction_model[src].most_common(1)[0][0]
                    ~~~~~~~~~~~~~~~~~~~~~~~~~~~~~~~~~~~~~~~~~^^^
IndexError: list index out of range

